node.exe : FAIL src/controllers/contr
acts.controller.test.ts (5.121 s)
At line:1 char:1
+ & "C:\Program 
Files\nodejs/node.exe" "C:\Program 
Files\nodejs/node_mo ...
+ ~~~~~~~~~~~~~~~~~~~~~~~~~~~~~~~~~~~
~~~~~~~~~~~~~~~~~~~~~~~~~~~~~~~~~~
    + CategoryInfo          : NotSpe 
   cified: (FAIL src/contro...st.ts  
   (5.121 s):String) [], RemoteExc   
 eption
    + FullyQualifiedErrorId : Native 
   CommandError
 
  ΓùÅ ContractsController fallback 
errors ΓÇ║ should catch error in 
getContracts and call next()

    expect(jest.fn()).toHaveBeenCalle
dWith(...expected)

    Expected: [Error: DB Down]

    Number of calls: 0

    [0m [90m 33 |[39m     
[36mawait[39m [33mContractsControl
ler[39m[33m.[39mgetContracts(mockR
equest [36mas[39m 
[33mRequest[39m[33m,[39m 
mockResponse [36mas[39m 
[33mResponse[39m[33m,[39m 
mockNext)[33m;[39m
     [90m 34 |[39m     
    [31m[1m>[22m[39m[90m 35 
|[39m     expect(mockNext)[33m.[39
mtoHaveBeenCalledWith(mockError)[33m
;[39m
     [90m    |[39m                 
     [31m[1m^[22m[39m
     [90m 36 |[39m   })[33m;[39m
     [90m 37 |[39m
     [90m 38 |[39m   
it([32m'should catch error in 
createContract and call 
next()'[39m[33m,[39m 
[36masync[39m () [33m=>[39m {[0m

      at Object.<anonymous> (src/cont
rollers/contracts.controller.test.ts:
35:22)

  ΓùÅ ContractsController fallback 
errors ΓÇ║ should catch error in 
createContract and call next()

    expect(jest.fn()).toHaveBeenCalle
dWith(...expected)

    Expected: [Error: Creation 
failed]

    Number of calls: 0

    [0m [90m 42 |[39m     
[36mawait[39m [33mContractsControl
ler[39m[33m.[39mcreateContract(moc
kRequest [36mas[39m 
[33mRequest[39m[33m,[39m 
mockResponse [36mas[39m 
[33mResponse[39m[33m,[39m 
mockNext)[33m;[39m
     [90m 43 |[39m     
    [31m[1m>[22m[39m[90m 44 
|[39m     expect(mockNext)[33m.[39
mtoHaveBeenCalledWith(mockError)[33m
;[39m
     [90m    |[39m                 
     [31m[1m^[22m[39m
     [90m 45 |[39m   })[33m;[39m
     [90m 46 |[39m })[33m;[39m
     [90m 47 |[39m[0m

      at Object.<anonymous> (src/cont
rollers/contracts.controller.test.ts:
44:22)

PASS src/middleware/error.middleware.
test.ts (5.128 s)
PASS src/middleware/validate.middlewa
re.test.ts (5.301 s)
PASS 
src/services/soroban.service.test.ts
PASS src/health.test.ts
PASS src/services/contracts.service.t
est.ts
PASS src/controllers/contracts.integr
ation.test.ts
  ΓùÅ Console

    console.log
      [SorobanService] Preparing 
escrow for contract 
806db7d0-be75-4e27-aca2-8e89fc5dc50c 
with amount 1000

      at 
SorobanService.prepareEscrow (src/ser
vices/soroban.service.ts:14:13)


Test Suites: 1 failed, 6 passed, 7 
total
Tests:       2 failed, 16 passed, 18 
total
Snapshots:   0 total
Time:        7.349 s, estimated 11 s
Ran all test suites.
